C51 COMPILER V9.57.0.0   UART                                                              12/17/2022 15:06:53 PAGE 1   


C51 COMPILER V9.57.0.0, COMPILATION OF MODULE UART
OBJECT MODULE PLACED IN .\Objects\uart.obj
COMPILER INVOKED BY: D:\MCU\Keil5\C51\C51\BIN\C51.EXE uart.c OPTIMIZE(8,SPEED) BROWSE DEBUG OBJECTEXTEND PRINT(.\Listing
                    -s\uart.lst) OBJECT(.\Objects\uart.obj)

line level    source

   1          #include "uart.h"
   2          #include <REGX52.H>
   3          
   4          /**
   5           * @brief 串口初始化，配置相关寄存器（stc-isp）
   6           * @param 无
   7           * @retval 无
   8           */
   9          void UartInit(void)             //9600bps@11.0592MHz
  10          {
  11   1              PCON &= 0x7F;           //波特率不倍速
  12   1              SCON = 0x50;            //8位数据,可变波特率
  13   1              TMOD &= 0x0F;           //清除定时器1模式位
  14   1              TMOD |= 0x20;           //设定定时器1为8位自动重装方式
  15   1              TL1 = 0xFD;             //设定定时初值
  16   1              TH1 = 0xFD;             //设定定时器重装值
  17   1              ET1 = 0;                //禁止定时器1中断
  18   1              TR1 = 1;                //启动定时器1
  19   1      }
  20          
  21          /**
  22           * @brief 串口初始化，配置相关寄存器（江科大）
  23           * @param 无
  24           * @retval 无
  25           */
  26          void UART_Init(void)    //4800bps@12MHz
  27          {
  28   1              SCON = 0x40;    //0100-0000
  29   1              PCON |= 0x80;
  30   1              
  31   1              /*      定时器T1     */
  32   1              TMOD &= 0x0f;
  33   1              TMOD |= 0x20;
  34   1              TH1 = 0xf3;
  35   1              TL1 = 0xf3;
  36   1              ET1 = 0;
  37   1              TR1 = 1;
  38   1      }
  39          
  40          /**
  41           * @brief 串口发送一个字节数据
  42           * @param Byte 要发送的一个字节数据
  43           * @retval 无
  44           */
  45          void UART_SendByte(unsigned char byte)
  46          {
  47   1              SBUF = byte;
  48   1              while(TI == 0);
  49   1              TI = 0;
  50   1      }
  51          
  52          /**
  53           * @brief 串口发送一段字符串
  54           * @param Byte 要发送的一段字符串
C51 COMPILER V9.57.0.0   UART                                                              12/17/2022 15:06:53 PAGE 2   

  55           * @retval 无
  56           */
  57          //void UART_SendString(unsigned char byte)
  58          //{
  59          //      unsigned char temp, i;
  60          //      for(i = 0; i < 6; i++)
  61          //      {
  62          //              
  63          //      }
  64          //}


MODULE INFORMATION:   STATIC OVERLAYABLE
   CODE SIZE        =     54    ----
   CONSTANT SIZE    =   ----    ----
   XDATA SIZE       =   ----    ----
   PDATA SIZE       =   ----    ----
   DATA SIZE        =   ----    ----
   IDATA SIZE       =   ----    ----
   BIT SIZE         =   ----    ----
END OF MODULE INFORMATION.


C51 COMPILATION COMPLETE.  0 WARNING(S),  0 ERROR(S)
