C51 COMPILER V9.57.0.0   MAIN                                                              12/01/2022 22:40:29 PAGE 1   


C51 COMPILER V9.57.0.0, COMPILATION OF MODULE MAIN
OBJECT MODULE PLACED IN .\Objects\main.obj
COMPILER INVOKED BY: D:\MCU\Keil5\C51\C51\BIN\C51.EXE main.c OPTIMIZE(8,SPEED) BROWSE DEBUG OBJECTEXTEND PRINT(.\Listing
                    -s\main.lst) OBJECT(.\Objects\main.obj)

line level    source

   1          /**
   2           * @file main.c
   3           * @author codebug (zhang_classmate@qq.com)
   4           * @brief 流水灯
   5           * @version 0.1
   6           * @date 2022-12-01 22:12
   7           * 
   8           * @copyright Copyright (c) 2022
   9           * 
  10           */
  11          #include <REG52.H>
  12          #include <INTRINS.H>
  13          
  14          #define ONE
  15          // #define TWO
  16          
  17          void Delay500ms(); //@11.0592MHz
  18          
  19          #ifdef ONE
  20          void main(void)
  21          {
  22   1          while (1)
  23   1          {
  24   2              P2 = 0xfe;  //1111-1110
  25   2              Delay500ms();
  26   2              P2 = 0xfd;  //1111-1101
  27   2              Delay500ms();
  28   2              P2 = 0xfb;  //1111-1011
  29   2              Delay500ms();
  30   2              P2 = 0xf7;  //1111-0111
  31   2              Delay500ms();
  32   2              P2 = 0xef;  //1110-1111
  33   2              Delay500ms();
  34   2              P2 = 0xdf;  //1101-1111
  35   2              Delay500ms();
  36   2              P2 = 0xbf;  //1011-1111
  37   2              Delay500ms();
  38   2              P2 = 0x7f;  //0111-1111
  39   2              Delay500ms();
  40   2          }
  41   1      }
  42          
  43          #else
              void main(void)
              {
                  while (1)
                  {
                      P2 = 0xfe;  //1111-1110
                      Delay500ms();
                      P2 <<= 1;   //1111-1101
                      Delay500ms();
                      P2 <<= 1;  //1111-1011
                      Delay500ms();
                      P2 <<= 1;  //1111-0111
C51 COMPILER V9.57.0.0   MAIN                                                              12/01/2022 22:40:29 PAGE 2   

                      Delay500ms();
                      P2 <<= 1;  //1110-1111
                      Delay500ms();
                      P2 <<= 1;  //1101-1111
                      Delay500ms();
                      P2 <<= 1;  //1011-1111
                      Delay500ms();
                      P2 <<= 1;  //0111-1111
                      Delay500ms();
                  }
              }
              #endif
  67          
  68          void Delay500ms() //@11.0592MHz
  69          {
  70   1          unsigned char i, j, k;
  71   1      
  72   1          _nop_();
  73   1          i = 4;
  74   1          j = 129;
  75   1          k = 119;
  76   1          do
  77   1          {
  78   2              do
  79   2              {
  80   3                  while (--k)
  81   3                      ;
  82   3              } while (--j);
  83   2          } while (--i);
  84   1      }


MODULE INFORMATION:   STATIC OVERLAYABLE
   CODE SIZE        =     64    ----
   CONSTANT SIZE    =   ----    ----
   XDATA SIZE       =   ----    ----
   PDATA SIZE       =   ----    ----
   DATA SIZE        =   ----    ----
   IDATA SIZE       =   ----    ----
   BIT SIZE         =   ----    ----
END OF MODULE INFORMATION.


C51 COMPILATION COMPLETE.  0 WARNING(S),  0 ERROR(S)
