C51 COMPILER V9.57.0.0   MAIN                                                              12/09/2022 23:44:18 PAGE 1   


C51 COMPILER V9.57.0.0, COMPILATION OF MODULE MAIN
OBJECT MODULE PLACED IN .\Objects\main.obj
COMPILER INVOKED BY: D:\MCU\Keil5\C51\C51\BIN\C51.EXE main.c OPTIMIZE(8,SPEED) BROWSE DEBUG OBJECTEXTEND PRINT(.\Listing
                    -s\main.lst) OBJECT(.\Objects\main.obj)

line level    source

   1          #include <REG52.H>
   2          #include <intrins.h>
   3          
   4          //#define ONE   /*      Press K1 and observe the phenomenon*/
   5          //#define TWO   /*      put if-else sentence to the place before while  */
   6          #define THREE   
   7          
   8          sbit LED_1 = P2^0;
   9          sbit LED_2 = P2^1;
  10          sbit K1 = P3^1;
  11          sbit K2 = P3^0;
  12          
  13          void Delay500ms();
  14          
  15          #if defined ONE /*Press K1, LED will on*/
              void main(void){
                      while(1)
                      {
                              if(K1 == 0)
                                      LED_1 = 0;
                              else
                                      LED_1 = 1;
                      }
              }
              
              #elif defined TWO       /*it will not on, because at the init-time, K1=1 and LED_1=1*/
              void main(void){
                      if(K1 == 0)     LED_1 = 0;
                      else    LED_1 = 1;
                      while(1)
                      {
                              
                      }
              }
              
              #elif defined THREE
  37          void main(void){
  38   1              while(1)
  39   1              {
  40   2                      if(K1 == 0 && K2 == 0)  LED_1 = 0;
  41   2                      if(K1 == 0) LED_1 = 1;
  42   2              }
  43   1      }
  44          
  45          #endif
  46          
  47          void Delay500ms()               //@11.0592MHz
  48          {
  49   1              unsigned char i, j, k;
  50   1      
  51   1              _nop_();
  52   1              i = 4;
  53   1              j = 129;
  54   1              k = 119;
C51 COMPILER V9.57.0.0   MAIN                                                              12/09/2022 23:44:18 PAGE 2   

  55   1              do
  56   1              {
  57   2                      do
  58   2                      {
  59   3                              while (--k);
  60   3                      } while (--j);
  61   2              } while (--i);
  62   1      }


MODULE INFORMATION:   STATIC OVERLAYABLE
   CODE SIZE        =     29    ----
   CONSTANT SIZE    =   ----    ----
   XDATA SIZE       =   ----    ----
   PDATA SIZE       =   ----    ----
   DATA SIZE        =   ----    ----
   IDATA SIZE       =   ----    ----
   BIT SIZE         =   ----    ----
END OF MODULE INFORMATION.


C51 COMPILATION COMPLETE.  0 WARNING(S),  0 ERROR(S)
